// Jest Snapshot v1, https://goo.gl/fbAQLP

exports[`MySharedLibraryService should getCountriesWithPopulationGrater get countries with population grater then given 1`] = `
Array [
  Object {
    "name": "Ireland",
    "population": 5,
  },
]
`;
